{"logTime": "0629/154426", "correlationVector":"e5DsGxZq0Vkw5WvwV5Oult.1","action":"SyncServerConnectionManagerRequest", "result":"SYNC_SERVER_OK", "context":{"environment":"Prod_centralus_prod-s01-068-nam-centralus", "migrationStage":"NotStarted", "server":"akswtt00600000u"}}
{"logTime": "0629/154426", "correlationVector":"e5DsGxZq0Vkw5WvwV5Oult.2","action":"ProcessGetUpdates", "result":"Done", "context":{"dataType":"Encryption Keys", "deleted":"0", "process_failed_to_decrypt":"0", "process_pending_decryption":"0", "process_success":"1", "total":"1"}}
{"logTime": "0629/154426", "correlationVector":"z3d//8vVzetb1SAW7Gnt3C","action":"SyncServerConnectionManagerRequest", "result":"SYNC_SERVER_OK", "context":{"environment":"", "migrationStage":"", "server":""}}
{"logTime": "0629/154426", "correlationVector":"z3d//8vVzetb1SAW7Gnt3C.0","action":"EncryptionKeysFetcher.DownloadKeys:", "result":"Success", "context":Key count: 10, Last key timestamp: 2026-05-12T01:36:44Z}
{"logTime": "0629/154426", "correlationVector":"z3d//8vVzetb1SAW7Gnt3C.1","action":"EncryptionKeysManager::SetEncryptionKeys:", "result":"Success", "context":Key names[10]:[tWOieqaA+4TDJ9zgDdALv501+fVBZwZRsJBwDAlgzXOMo9THaoqYXIaNPA4/H90yZi1N+CroJj8nyp+b4fItvw==][5P0jqlaPnDDuKvoT9rtUkXB5/vRJJ1R7emNuOv6FES8pJRFvhxdempzYsRKcXdobVfVrmO49nLSUCPb6Zytl9A==][hGMCHsfcAWP0T+/Pk5ZC5Sci7dWc4xkPaaBrMFTiNk4Q1/acl09B+oM+rcvVVJKA3qXW7wZP3jHSXaueMoWfmg==][7YkL4qXPANkZXWalpkVZvOz1PQO8hpMQjaHiTcmBBHRJcLi8B7yXAXJTmBl/DMXSnQnXuTNALptmFeaJYjOxEA==][eYQuiIVYo3fCeYkenjsdQnF4HsbI/kb23UFLD056KtCwYTW/jZI5AFIbXsD10knMGB4yIE07Fxg6i2DKq1vhEw==][ay6BBmgpCX6TEdT9tfl1u2ig54dBR+9IRQGJNa5SK93XPIFiqFty53HXo/WFiLBzOHv+HGlwkDx7b6pECIf84Q==][9LsCPVeGE9OCnehQPOBN7gOPs3q4AFunj3V/mrY0O7A/4laHs2oQDw1gHOZWDrqJ7JFpnnUgzSBBKuDrgNB+bQ==][vfydXVJ5LjTQM0tEXnM1tUQnjFCuytrnyqt3eLwWQN+z0ODObL2oFy/SFJk8txi0uj6gWkTilBU+hpq91IUlYg==][Iu2IYCQzx7yjGRbwGWLnnqx83GfvU17NneYnaW6b0iXm/iYWQXHLwMQSyWticHz8x+KFaEf0ihrw/xoAYe+mFQ==][SDHilq4M4DIfSljIAzPHxY4dK/pgHKiSRZUYSGzotDg8Irsr0Fb/rVwNyvAAYo4gD7kuhaXAQ4aFpFfDdfufZA==]}
{"logTime": "0629/154426", "correlationVector":"z3d//8vVzetb1SAW7Gnt3C.2","action":"EncryptionKeysManager::SetEncryptionKeysWithTimestamps:", "result":"Success", "context":Key timestamps[10]:[2022-07-13T16:05:56Z][2022-08-22T03:56:46Z][2023-09-09T20:53:03Z][2024-03-19T17:33:07Z][2024-09-16T23:13:12Z][2025-03-17T02:11:07Z][2025-03-31T18:23:56Z][2025-09-28T17:57:23Z][2025-11-12T13:59:57Z][2026-05-12T01:36:44Z]}
{"logTime": "0629/154426", "correlationVector":"e5DsGxZq0Vkw5WvwV5Oult","action":"Initial GetUpdates", "result":"", "context":Reason: NEW_CLIENT. cV=e5DsGxZq0Vkw5WvwV5Oult}
{"logTime": "0629/154426", "correlationVector":"e5DsGxZq0Vkw5WvwV5Oult.3","action":"GetUpdates Response", "result":"Success", "context":Received 1 update(s). cV=e5DsGxZq0Vkw5WvwV5Oult.0;server=akswtt00600000u;cloudType=Consumer;environment=Prod_centralus_prod-s01-068-nam-centralus;migrationStage=NotStarted}
{"logTime": "0629/154426", "correlationVector":"zbN9GiA+vK1UvzK3+zN49C","action":"Initial GetUpdates", "result":"", "context":Reason: NEWLY_SUPPORTED_DATATYPE. cV=zbN9GiA+vK1UvzK3+zN49C}
{"logTime": "0629/154428", "correlationVector":"zbN9GiA+vK1UvzK3+zN49C.1","action":"SyncServerConnectionManagerRequest", "result":"SYNC_SERVER_OK", "context":{"environment":"Prod_centralus_prod-s01-068-nam-centralus", "migrationStage":"NotStarted", "server":"akswtt00600000o"}}
{"logTime": "0629/154428", "correlationVector":"zbN9GiA+vK1UvzK3+zN49C.2","action":"ProcessGetUpdates", "result":"Done", "context":{"dataType":"Preferences", "deleted":"0", "process_failed_to_decrypt":"0", "process_pending_decryption":"0", "process_success":"102", "total":"102"}}
{"logTime": "0629/154428", "correlationVector":"zbN9GiA+vK1UvzK3+zN49C.3","action":"ProcessGetUpdates", "result":"Done", "context":{"dataType":"Passwords", "deleted":"3", "process_failed_to_decrypt":"0", "process_pending_decryption":"0", "process_success":"143", "total":"143"}}
{"logTime": "0629/154428", "correlationVector":"zbN9GiA+vK1UvzK3+zN49C.4","action":"ProcessGetUpdates", "result":"Done", "context":{"dataType":"Device Info", "deleted":"0", "process_failed_to_decrypt":"0", "process_pending_decryption":"0", "process_success":"5", "total":"5"}}
{"logTime": "0629/154428", "correlationVector":"zbN9GiA+vK1UvzK3+zN49C.5","action":"GetUpdates Response", "result":"Success", "context":Received 250 update(s). cV=zbN9GiA+vK1UvzK3+zN49C.0;server=akswtt00600000o;cloudType=Consumer;environment=Prod_centralus_prod-s01-068-nam-centralus;migrationStage=NotStarted Some updates remain.}
{"logTime": "0629/154428", "correlationVector":"jAT/4YNG4bkiJfhY+CitkT","action":"Initial GetUpdates", "result":"", "context":Reason: NEWLY_SUPPORTED_DATATYPE. cV=jAT/4YNG4bkiJfhY+CitkT}
{"logTime": "0629/154429", "correlationVector":"jAT/4YNG4bkiJfhY+CitkT.1","action":"SyncServerConnectionManagerRequest", "result":"SYNC_SERVER_OK", "context":{"environment":"Prod_centralus_prod-s01-068-nam-centralus", "migrationStage":"NotStarted", "server":"akswtt00600001u"}}
{"logTime": "0629/154429", "correlationVector":"jAT/4YNG4bkiJfhY+CitkT.2","action":"ProcessGetUpdates", "result":"Done", "context":{"dataType":"Preferences", "deleted":"0", "process_failed_to_decrypt":"0", "process_pending_decryption":"0", "process_success":"9", "total":"9"}}
{"logTime": "0629/154429", "correlationVector":"jAT/4YNG4bkiJfhY+CitkT.3","action":"ProcessGetUpdates", "result":"Done", "context":{"dataType":"Passwords", "deleted":"0", "process_failed_to_decrypt":"0", "process_pending_decryption":"0", "process_success":"27", "total":"27"}}
{"logTime": "0629/154429", "correlationVector":"jAT/4YNG4bkiJfhY+CitkT.4","action":"ProcessGetUpdates", "result":"Done", "context":{"dataType":"Device Info", "deleted":"0", "process_failed_to_decrypt":"0", "process_pending_decryption":"0", "process_success":"1", "total":"1"}}
{"logTime": "0629/154429", "correlationVector":"jAT/4YNG4bkiJfhY+CitkT.5","action":"GetUpdates Response", "result":"Success", "context":Received 37 update(s). cV=jAT/4YNG4bkiJfhY+CitkT.0;server=akswtt00600001u;cloudType=Consumer;environment=Prod_centralus_prod-s01-068-nam-centralus;migrationStage=NotStarted}
{"logTime": "0629/154429", "correlationVector":"YCwoZFB28jsoRGY30AJLGk","action":"Initial GetUpdates", "result":"", "context":Reason: NEWLY_SUPPORTED_DATATYPE. cV=YCwoZFB28jsoRGY30AJLGk}
{"logTime": "0629/154430", "correlationVector":"YCwoZFB28jsoRGY30AJLGk.1","action":"SyncServerConnectionManagerRequest", "result":"SYNC_SERVER_OK", "context":{"environment":"Prod_centralus_prod-s01-068-nam-centralus", "migrationStage":"NotStarted", "server":"akswtt00600000p"}}
{"logTime": "0629/154430", "correlationVector":"YCwoZFB28jsoRGY30AJLGk.2","action":"ProcessGetUpdates", "result":"Done", "context":{"dataType":"Bookmarks", "deleted":"4", "process_failed_to_decrypt":"0", "process_pending_decryption":"0", "process_success":"80", "total":"80"}}
{"logTime": "0629/154430", "correlationVector":"YCwoZFB28jsoRGY30AJLGk.3","action":"GetUpdates Response", "result":"Success", "context":Received 80 update(s). cV=YCwoZFB28jsoRGY30AJLGk.0;server=akswtt00600000p;cloudType=Consumer;environment=Prod_centralus_prod-s01-068-nam-centralus;migrationStage=NotStarted}
{"logTime": "0629/154430", "correlationVector":"cujNxtfP/7MWs2PjvtvrUo","action":"Initial GetUpdates", "result":"", "context":Reason: NEWLY_SUPPORTED_DATATYPE. cV=cujNxtfP/7MWs2PjvtvrUo}
{"logTime": "0629/154431", "correlationVector":"cujNxtfP/7MWs2PjvtvrUo.1","action":"SyncServerConnectionManagerRequest", "result":"SYNC_SERVER_OK", "context":{"environment":"Prod_centralus_prod-s01-068-nam-centralus", "migrationStage":"NotStarted", "server":"akswtt00600001u"}}
{"logTime": "0629/154431", "correlationVector":"cujNxtfP/7MWs2PjvtvrUo.2","action":"ProcessGetUpdates", "result":"Done", "context":{"dataType":"Autofill", "deleted":"0", "process_failed_to_decrypt":"0", "process_pending_decryption":"0", "process_success":"245", "total":"245"}}
{"logTime": "0629/154431", "correlationVector":"cujNxtfP/7MWs2PjvtvrUo.3","action":"ProcessGetUpdates", "result":"Done", "context":{"dataType":"Extensions", "deleted":"0", "process_failed_to_decrypt":"0", "process_pending_decryption":"0", "process_success":"1", "total":"1"}}
{"logTime": "0629/154431", "correlationVector":"cujNxtfP/7MWs2PjvtvrUo.4","action":"ProcessGetUpdates", "result":"Done", "context":{"dataType":"Saved Tab Group", "deleted":"4", "process_failed_to_decrypt":"0", "process_pending_decryption":"0", "process_success":"4", "total":"4"}}
{"logTime": "0629/154431", "correlationVector":"cujNxtfP/7MWs2PjvtvrUo.5","action":"GetUpdates Response", "result":"Success", "context":Received 250 update(s). cV=cujNxtfP/7MWs2PjvtvrUo.0;server=akswtt00600001u;cloudType=Consumer;environment=Prod_centralus_prod-s01-068-nam-centralus;migrationStage=NotStarted Some updates remain.}
{"logTime": "0629/154431", "correlationVector":"OcWyNQltrDQs5pYJzAi4UF","action":"Initial GetUpdates", "result":"", "context":Reason: NEWLY_SUPPORTED_DATATYPE. cV=OcWyNQltrDQs5pYJzAi4UF}
{"logTime": "0629/154432", "correlationVector":"OcWyNQltrDQs5pYJzAi4UF.1","action":"SyncServerConnectionManagerRequest", "result":"SYNC_SERVER_OK", "context":{"environment":"Prod_centralus_prod-s01-068-nam-centralus", "migrationStage":"NotStarted", "server":"akswtt006000015"}}
{"logTime": "0629/154432", "correlationVector":"OcWyNQltrDQs5pYJzAi4UF.2","action":"ProcessGetUpdates", "result":"Done", "context":{"dataType":"Autofill Profiles", "deleted":"1", "process_failed_to_decrypt":"0", "process_pending_decryption":"0", "process_success":"1", "total":"1"}}
{"logTime": "0629/154432", "correlationVector":"OcWyNQltrDQs5pYJzAi4UF.3","action":"ProcessGetUpdates", "result":"Done", "context":{"dataType":"Autofill", "deleted":"0", "process_failed_to_decrypt":"0", "process_pending_decryption":"0", "process_success":"137", "total":"137"}}
{"logTime": "0629/154432", "correlationVector":"OcWyNQltrDQs5pYJzAi4UF.4","action":"ProcessGetUpdates", "result":"Done", "context":{"dataType":"Extensions", "deleted":"0", "process_failed_to_decrypt":"0", "process_pending_decryption":"0", "process_success":"1", "total":"1"}}
{"logTime": "0629/154432", "correlationVector":"OcWyNQltrDQs5pYJzAi4UF.5","action":"ProcessGetUpdates", "result":"Done", "context":{"dataType":"Sessions", "deleted":"103", "process_failed_to_decrypt":"0", "process_pending_decryption":"0", "process_success":"103", "total":"103"}}
{"logTime": "0629/154432", "correlationVector":"OcWyNQltrDQs5pYJzAi4UF.6","action":"ProcessGetUpdates", "result":"Done", "context":{"dataType":"Saved Tab Group", "deleted":"2", "process_failed_to_decrypt":"0", "process_pending_decryption":"0", "process_success":"2", "total":"2"}}
{"logTime": "0629/154432", "correlationVector":"OcWyNQltrDQs5pYJzAi4UF.7","action":"ProcessGetUpdates", "result":"Done", "context":{"dataType":"WebAuthn Credentials", "deleted":"0", "process_failed_to_decrypt":"0", "process_pending_decryption":"0", "process_success":"1", "total":"1"}}
{"logTime": "0629/154432", "correlationVector":"OcWyNQltrDQs5pYJzAi4UF.8","action":"ProcessGetUpdates", "result":"Done", "context":{"dataType":"Edge Hub App Usage", "deleted":"4", "process_failed_to_decrypt":"0", "process_pending_decryption":"0", "process_success":"5", "total":"5"}}
{"logTime": "0629/154432", "correlationVector":"OcWyNQltrDQs5pYJzAi4UF.9","action":"GetUpdates Response", "result":"Success", "context":Received 250 update(s). cV=OcWyNQltrDQs5pYJzAi4UF.0;server=akswtt006000015;cloudType=Consumer;environment=Prod_centralus_prod-s01-068-nam-centralus;migrationStage=NotStarted Some updates remain.}
{"logTime": "0629/154432", "correlationVector":"t77L0osgbEcMDh/pUNshP7","action":"Initial GetUpdates", "result":"", "context":Reason: NEWLY_SUPPORTED_DATATYPE. cV=t77L0osgbEcMDh/pUNshP7}
{"logTime": "0629/154434", "correlationVector":"t77L0osgbEcMDh/pUNshP7.1","action":"SyncServerConnectionManagerRequest", "result":"SYNC_SERVER_OK", "context":{"environment":"Prod_centralus_prod-s01-068-nam-centralus", "migrationStage":"NotStarted", "server":"akswtt00600000p"}}
{"logTime": "0629/154434", "correlationVector":"t77L0osgbEcMDh/pUNshP7.2","action":"ProcessGetUpdates", "result":"Done", "context":{"dataType":"Autofill Profiles", "deleted":"1", "process_failed_to_decrypt":"0", "process_pending_decryption":"0", "process_success":"1", "total":"1"}}
{"logTime": "0629/154434", "correlationVector":"t77L0osgbEcMDh/pUNshP7.3","action":"ProcessGetUpdates", "result":"Done", "context":{"dataType":"Sessions", "deleted":"249", "process_failed_to_decrypt":"0", "process_pending_decryption":"0", "process_success":"249", "total":"249"}}
{"logTime": "0629/154434", "correlationVector":"t77L0osgbEcMDh/pUNshP7.4","action":"GetUpdates Response", "result":"Success", "context":Received 250 update(s). cV=t77L0osgbEcMDh/pUNshP7.0;server=akswtt00600000p;cloudType=Consumer;environment=Prod_centralus_prod-s01-068-nam-centralus;migrationStage=NotStarted Some updates remain.}
{"logTime": "0629/154434", "correlationVector":"bMOOr9Y1SUCQ3K3BpSrYGS","action":"Initial GetUpdates", "result":"", "context":Reason: NEWLY_SUPPORTED_DATATYPE. cV=bMOOr9Y1SUCQ3K3BpSrYGS}
{"logTime": "0629/154436", "correlationVector":"bMOOr9Y1SUCQ3K3BpSrYGS.1","action":"SyncServerConnectionManagerRequest", "result":"SYNC_SERVER_OK", "context":{"environment":"Prod_centralus_prod-s01-068-nam-centralus", "migrationStage":"NotStarted", "server":"akswtt00600001r"}}
{"logTime": "0629/154436", "correlationVector":"bMOOr9Y1SUCQ3K3BpSrYGS.2","action":"ProcessGetUpdates", "result":"Done", "context":{"dataType":"Sessions", "deleted":"244", "process_failed_to_decrypt":"0", "process_pending_decryption":"0", "process_success":"244", "total":"244"}}
{"logTime": "0629/154436", "correlationVector":"bMOOr9Y1SUCQ3K3BpSrYGS.3","action":"ProcessGetUpdates", "result":"Done", "context":{"dataType":"Edge Hub App Usage", "deleted":"0", "process_failed_to_decrypt":"0", "process_pending_decryption":"0", "process_success":"6", "total":"6"}}
{"logTime": "0629/154436", "correlationVector":"bMOOr9Y1SUCQ3K3BpSrYGS.4","action":"GetUpdates Response", "result":"Success", "context":Received 250 update(s). cV=bMOOr9Y1SUCQ3K3BpSrYGS.0;server=akswtt00600001r;cloudType=Consumer;environment=Prod_centralus_prod-s01-068-nam-centralus;migrationStage=NotStarted Some updates remain.}
{"logTime": "0629/154436", "correlationVector":"KE4dbxF/ZtWkX84ris/ny8","action":"Initial GetUpdates", "result":"", "context":Reason: NEWLY_SUPPORTED_DATATYPE. cV=KE4dbxF/ZtWkX84ris/ny8}
{"logTime": "0629/154438", "correlationVector":"KE4dbxF/ZtWkX84ris/ny8.1","action":"SyncServerConnectionManagerRequest", "result":"SYNC_SERVER_OK", "context":{"environment":"Prod_centralus_prod-s01-068-nam-centralus", "migrationStage":"NotStarted", "server":"akswtt00600001d"}}
{"logTime": "0629/154438", "correlationVector":"KE4dbxF/ZtWkX84ris/ny8.2","action":"ProcessGetUpdates", "result":"Done", "context":{"dataType":"Autofill Profiles", "deleted":"5", "process_failed_to_decrypt":"0", "process_pending_decryption":"0", "process_success":"5", "total":"5"}}
{"logTime": "0629/154438", "correlationVector":"KE4dbxF/ZtWkX84ris/ny8.3","action":"ProcessGetUpdates", "result":"Done", "context":{"dataType":"Sessions", "deleted":"240", "process_failed_to_decrypt":"0", "process_pending_decryption":"0", "process_success":"240", "total":"240"}}
{"logTime": "0629/154438", "correlationVector":"KE4dbxF/ZtWkX84ris/ny8.4","action":"ProcessGetUpdates", "result":"Done", "context":{"dataType":"WebAuthn Credentials", "deleted":"0", "process_failed_to_decrypt":"0", "process_pending_decryption":"0", "process_success":"1", "total":"1"}}
{"logTime": "0629/154438", "correlationVector":"KE4dbxF/ZtWkX84ris/ny8.5","action":"ProcessGetUpdates", "result":"Done", "context":{"dataType":"Edge Hub App Usage", "deleted":"4", "process_failed_to_decrypt":"0", "process_pending_decryption":"0", "process_success":"4", "total":"4"}}
{"logTime": "0629/154438", "correlationVector":"KE4dbxF/ZtWkX84ris/ny8.6","action":"GetUpdates Response", "result":"Success", "context":Received 250 update(s). cV=KE4dbxF/ZtWkX84ris/ny8.0;server=akswtt00600001d;cloudType=Consumer;environment=Prod_centralus_prod-s01-068-nam-centralus;migrationStage=NotStarted Some updates remain.}
{"logTime": "0629/154438", "correlationVector":"fhzyKVE09a3YFb121Mkox7","action":"Initial GetUpdates", "result":"", "context":Reason: NEWLY_SUPPORTED_DATATYPE. cV=fhzyKVE09a3YFb121Mkox7}
{"logTime": "0629/154443", "correlationVector":"fhzyKVE09a3YFb121Mkox7.1","action":"SyncServerConnectionManagerRequest", "result":"SYNC_SERVER_OK", "context":{"environment":"Prod_centralus_prod-s01-068-nam-centralus", "migrationStage":"NotStarted", "server":"akswtt00600000f"}}
{"logTime": "0629/154443", "correlationVector":"fhzyKVE09a3YFb121Mkox7.2","action":"ProcessGetUpdates", "result":"Done", "context":{"dataType":"Sessions", "deleted":"245", "process_failed_to_decrypt":"0", "process_pending_decryption":"0", "process_success":"245", "total":"245"}}
{"logTime": "0629/154443", "correlationVector":"fhzyKVE09a3YFb121Mkox7.3","action":"ProcessGetUpdates", "result":"Done", "context":{"dataType":"Web Apps", "deleted":"0", "process_failed_to_decrypt":"0", "process_pending_decryption":"0", "process_success":"1", "total":"1"}}
{"logTime": "0629/154443", "correlationVector":"fhzyKVE09a3YFb121Mkox7.4","action":"ProcessGetUpdates", "result":"Done", "context":{"dataType":"Edge Hub App Usage", "deleted":"1", "process_failed_to_decrypt":"0", "process_pending_decryption":"0", "process_success":"4", "total":"4"}}
{"logTime": "0629/154443", "correlationVector":"fhzyKVE09a3YFb121Mkox7.5","action":"GetUpdates Response", "result":"Success", "context":Received 250 update(s). cV=fhzyKVE09a3YFb121Mkox7.0;server=akswtt00600000f;cloudType=Consumer;environment=Prod_centralus_prod-s01-068-nam-centralus;migrationStage=NotStarted Some updates remain.}
{"logTime": "0629/154443", "correlationVector":"WGeCmCNL6pcs3p8BXL2iQl","action":"Initial GetUpdates", "result":"", "context":Reason: NEWLY_SUPPORTED_DATATYPE. cV=WGeCmCNL6pcs3p8BXL2iQl}
{"logTime": "0629/154445", "correlationVector":"WGeCmCNL6pcs3p8BXL2iQl.1","action":"SyncServerConnectionManagerRequest", "result":"SYNC_SERVER_OK", "context":{"environment":"Prod_centralus_prod-s01-068-nam-centralus", "migrationStage":"NotStarted", "server":"akswtt00600000l"}}
{"logTime": "0629/154445", "correlationVector":"WGeCmCNL6pcs3p8BXL2iQl.2","action":"ProcessGetUpdates", "result":"Done", "context":{"dataType":"Autofill Profiles", "deleted":"0", "process_failed_to_decrypt":"0", "process_pending_decryption":"0", "process_success":"8", "total":"8"}}
{"logTime": "0629/154445", "correlationVector":"WGeCmCNL6pcs3p8BXL2iQl.3","action":"ProcessGetUpdates", "result":"Done", "context":{"dataType":"Autofill", "deleted":"0", "process_failed_to_decrypt":"0", "process_pending_decryption":"0", "process_success":"182", "total":"182"}}
{"logTime": "0629/154445", "correlationVector":"WGeCmCNL6pcs3p8BXL2iQl.4","action":"ProcessGetUpdates", "result":"Done", "context":{"dataType":"Sessions", "deleted":"60", "process_failed_to_decrypt":"0", "process_pending_decryption":"0", "process_success":"60", "total":"60"}}
{"logTime": "0629/154445", "correlationVector":"WGeCmCNL6pcs3p8BXL2iQl.5","action":"GetUpdates Response", "result":"Success", "context":Received 250 update(s). cV=WGeCmCNL6pcs3p8BXL2iQl.0;server=akswtt00600000l;cloudType=Consumer;environment=Prod_centralus_prod-s01-068-nam-centralus;migrationStage=NotStarted Some updates remain.}
{"logTime": "0629/154446", "correlationVector":"9gD3A/r1se7y1db2Eqt0jA","action":"Initial GetUpdates", "result":"", "context":Reason: NEWLY_SUPPORTED_DATATYPE. cV=9gD3A/r1se7y1db2Eqt0jA}
{"logTime": "0629/154447", "correlationVector":"9gD3A/r1se7y1db2Eqt0jA.1","action":"SyncServerConnectionManagerRequest", "result":"SYNC_SERVER_OK", "context":{"environment":"Prod_centralus_prod-s01-068-nam-centralus", "migrationStage":"NotStarted", "server":"akswtt00600000t"}}
{"logTime": "0629/154447", "correlationVector":"9gD3A/r1se7y1db2Eqt0jA.2","action":"ProcessGetUpdates", "result":"Done", "context":{"dataType":"Autofill", "deleted":"0", "process_failed_to_decrypt":"0", "process_pending_decryption":"0", "process_success":"250", "total":"250"}}
{"logTime": "0629/154447", "correlationVector":"9gD3A/r1se7y1db2Eqt0jA.3","action":"GetUpdates Response", "result":"Success", "context":Received 250 update(s). cV=9gD3A/r1se7y1db2Eqt0jA.0;server=akswtt00600000t;cloudType=Consumer;environment=Prod_centralus_prod-s01-068-nam-centralus;migrationStage=NotStarted Some updates remain.}
{"logTime": "0629/154447", "correlationVector":"n+4kyrX78eejvGOYflAowl","action":"Initial GetUpdates", "result":"", "context":Reason: NEWLY_SUPPORTED_DATATYPE. cV=n+4kyrX78eejvGOYflAowl}
{"logTime": "0629/154447", "correlationVector":"n+4kyrX78eejvGOYflAowl.1","action":"SyncServerConnectionManagerRequest", "result":"SYNC_SERVER_OK", "context":{"environment":"Prod_centralus_prod-s01-068-nam-centralus", "migrationStage":"NotStarted", "server":"akswtt00600001r"}}
{"logTime": "0629/154447", "correlationVector":"n+4kyrX78eejvGOYflAowl.2","action":"ProcessGetUpdates", "result":"Done", "context":{"dataType":"Autofill", "deleted":"0", "process_failed_to_decrypt":"0", "process_pending_decryption":"0", "process_success":"250", "total":"250"}}
{"logTime": "0629/154447", "correlationVector":"n+4kyrX78eejvGOYflAowl.3","action":"GetUpdates Response", "result":"Success", "context":Received 250 update(s). cV=n+4kyrX78eejvGOYflAowl.0;server=akswtt00600001r;cloudType=Consumer;environment=Prod_centralus_prod-s01-068-nam-centralus;migrationStage=NotStarted Some updates remain.}
{"logTime": "0629/154447", "correlationVector":"cqrFguBj4Fj4H7LJ6q3NOX","action":"Initial GetUpdates", "result":"", "context":Reason: NEWLY_SUPPORTED_DATATYPE. cV=cqrFguBj4Fj4H7LJ6q3NOX}
{"logTime": "0629/154448", "correlationVector":"cqrFguBj4Fj4H7LJ6q3NOX.1","action":"SyncServerConnectionManagerRequest", "result":"SYNC_SERVER_OK", "context":{"environment":"Prod_centralus_prod-s01-068-nam-centralus", "migrationStage":"NotStarted", "server":"akswtt006000003"}}
{"logTime": "0629/154448", "correlationVector":"cqrFguBj4Fj4H7LJ6q3NOX.2","action":"ProcessGetUpdates", "result":"Done", "context":{"dataType":"Autofill", "deleted":"0", "process_failed_to_decrypt":"0", "process_pending_decryption":"0", "process_success":"211", "total":"211"}}
{"logTime": "0629/154448", "correlationVector":"cqrFguBj4Fj4H7LJ6q3NOX.3","action":"ProcessGetUpdates", "result":"Done", "context":{"dataType":"Sessions", "deleted":"39", "process_failed_to_decrypt":"0", "process_pending_decryption":"0", "process_success":"39", "total":"39"}}
{"logTime": "0629/154448", "correlationVector":"cqrFguBj4Fj4H7LJ6q3NOX.4","action":"GetUpdates Response", "result":"Success", "context":Received 250 update(s). cV=cqrFguBj4Fj4H7LJ6q3NOX.0;server=akswtt006000003;cloudType=Consumer;environment=Prod_centralus_prod-s01-068-nam-centralus;migrationStage=NotStarted Some updates remain.}
{"logTime": "0629/154448", "correlationVector":"jMiebP1XW1IMssVsMO2tdo","action":"Initial GetUpdates", "result":"", "context":Reason: NEWLY_SUPPORTED_DATATYPE. cV=jMiebP1XW1IMssVsMO2tdo}
{"logTime": "0629/154450", "correlationVector":"jMiebP1XW1IMssVsMO2tdo.1","action":"SyncServerConnectionManagerRequest", "result":"SYNC_SERVER_OK", "context":{"environment":"Prod_centralus_prod-s01-068-nam-centralus", "migrationStage":"NotStarted", "server":"akswtt006000005"}}
{"logTime": "0629/154450", "correlationVector":"jMiebP1XW1IMssVsMO2tdo.2","action":"ProcessGetUpdates", "result":"Done", "context":{"dataType":"Autofill", "deleted":"0", "process_failed_to_decrypt":"0", "process_pending_decryption":"0", "process_success":"10", "total":"10"}}
{"logTime": "0629/154450", "correlationVector":"jMiebP1XW1IMssVsMO2tdo.3","action":"ProcessGetUpdates", "result":"Done", "context":{"dataType":"Sessions", "deleted":"234", "process_failed_to_decrypt":"0", "process_pending_decryption":"0", "process_success":"234", "total":"234"}}
{"logTime": "0629/154450", "correlationVector":"jMiebP1XW1IMssVsMO2tdo.4","action":"ProcessGetUpdates", "result":"Done", "context":{"dataType":"Edge Hub App Usage", "deleted":"0", "process_failed_to_decrypt":"0", "process_pending_decryption":"0", "process_success":"6", "total":"6"}}
{"logTime": "0629/154450", "correlationVector":"jMiebP1XW1IMssVsMO2tdo.5","action":"GetUpdates Response", "result":"Success", "context":Received 250 update(s). cV=jMiebP1XW1IMssVsMO2tdo.0;server=akswtt006000005;cloudType=Consumer;environment=Prod_centralus_prod-s01-068-nam-centralus;migrationStage=NotStarted Some updates remain.}
{"logTime": "0629/154450", "correlationVector":"J+TpBl6USxLAapbAbhzpRd","action":"Initial GetUpdates", "result":"", "context":Reason: NEWLY_SUPPORTED_DATATYPE. cV=J+TpBl6USxLAapbAbhzpRd}
{"logTime": "0629/154452", "correlationVector":"J+TpBl6USxLAapbAbhzpRd.1","action":"SyncServerConnectionManagerRequest", "result":"SYNC_SERVER_OK", "context":{"environment":"Prod_centralus_prod-s01-068-nam-centralus", "migrationStage":"NotStarted", "server":"akswtt006000013"}}
{"logTime": "0629/154452", "correlationVector":"J+TpBl6USxLAapbAbhzpRd.2","action":"ProcessGetUpdates", "result":"Done", "context":{"dataType":"Autofill", "deleted":"0", "process_failed_to_decrypt":"0", "process_pending_decryption":"0", "process_success":"13", "total":"13"}}
{"logTime": "0629/154452", "correlationVector":"J+TpBl6USxLAapbAbhzpRd.3","action":"ProcessGetUpdates", "result":"Done", "context":{"dataType":"Sessions", "deleted":"233", "process_failed_to_decrypt":"0", "process_pending_decryption":"0", "process_success":"233", "total":"233"}}
{"logTime": "0629/154452", "correlationVector":"J+TpBl6USxLAapbAbhzpRd.4","action":"ProcessGetUpdates", "result":"Done", "context":{"dataType":"WebAuthn Credentials", "deleted":"0", "process_failed_to_decrypt":"0", "process_pending_decryption":"0", "process_success":"1", "total":"1"}}
{"logTime": "0629/154452", "correlationVector":"J+TpBl6USxLAapbAbhzpRd.5","action":"ProcessGetUpdates", "result":"Done", "context":{"dataType":"Edge Hub App Usage", "deleted":"0", "process_failed_to_decrypt":"0", "process_pending_decryption":"0", "process_success":"3", "total":"3"}}
{"logTime": "0629/154452", "correlationVector":"J+TpBl6USxLAapbAbhzpRd.6","action":"GetUpdates Response", "result":"Success", "context":Received 250 update(s). cV=J+TpBl6USxLAapbAbhzpRd.0;server=akswtt006000013;cloudType=Consumer;environment=Prod_centralus_prod-s01-068-nam-centralus;migrationStage=NotStarted Some updates remain.}
{"logTime": "0629/154452", "correlationVector":"+zmXhz1MdX0rrDQmY/1j6p","action":"Initial GetUpdates", "result":"", "context":Reason: NEWLY_SUPPORTED_DATATYPE. cV=+zmXhz1MdX0rrDQmY/1j6p}
{"logTime": "0629/154453", "correlationVector":"+zmXhz1MdX0rrDQmY/1j6p.1","action":"SyncServerConnectionManagerRequest", "result":"SYNC_SERVER_OK", "context":{"environment":"Prod_centralus_prod-s01-068-nam-centralus", "migrationStage":"NotStarted", "server":"akswtt00600000n"}}
{"logTime": "0629/154453", "correlationVector":"+zmXhz1MdX0rrDQmY/1j6p.2","action":"ProcessGetUpdates", "result":"Done", "context":{"dataType":"Autofill", "deleted":"0", "process_failed_to_decrypt":"0", "process_pending_decryption":"0", "process_success":"52", "total":"52"}}
{"logTime": "0629/154453", "correlationVector":"+zmXhz1MdX0rrDQmY/1j6p.3","action":"ProcessGetUpdates", "result":"Done", "context":{"dataType":"Sessions", "deleted":"192", "process_failed_to_decrypt":"0", "process_pending_decryption":"0", "process_success":"192", "total":"192"}}
{"logTime": "0629/154453", "correlationVector":"+zmXhz1MdX0rrDQmY/1j6p.4","action":"ProcessGetUpdates", "result":"Done", "context":{"dataType":"History Delete Directives", "deleted":"0", "process_failed_to_decrypt":"0", "process_pending_decryption":"0", "process_success":"2", "total":"2"}}
{"logTime": "0629/154453", "correlationVector":"+zmXhz1MdX0rrDQmY/1j6p.5","action":"ProcessGetUpdates", "result":"Done", "context":{"dataType":"Edge Hub App Usage", "deleted":"0", "process_failed_to_decrypt":"0", "process_pending_decryption":"0", "process_success":"4", "total":"4"}}
{"logTime": "0629/154453", "correlationVector":"+zmXhz1MdX0rrDQmY/1j6p.6","action":"GetUpdates Response", "result":"Success", "context":Received 250 update(s). cV=+zmXhz1MdX0rrDQmY/1j6p.0;server=akswtt00600000n;cloudType=Consumer;environment=Prod_centralus_prod-s01-068-nam-centralus;migrationStage=NotStarted Some updates remain.}
{"logTime": "0629/154453", "correlationVector":"spOx27K6u2RJ7OfcDyHTii","action":"Initial GetUpdates", "result":"", "context":Reason: NEWLY_SUPPORTED_DATATYPE. cV=spOx27K6u2RJ7OfcDyHTii}
{"logTime": "0629/154457", "correlationVector":"spOx27K6u2RJ7OfcDyHTii.1","action":"SyncServerConnectionManagerRequest", "result":"SYNC_SERVER_OK", "context":{"environment":"Prod_centralus_prod-s01-068-nam-centralus", "migrationStage":"NotStarted", "server":"akswtt00600000i"}}
{"logTime": "0629/154457", "correlationVector":"spOx27K6u2RJ7OfcDyHTii.2","action":"ProcessGetUpdates", "result":"Done", "context":{"dataType":"Autofill", "deleted":"0", "process_failed_to_decrypt":"0", "process_pending_decryption":"0", "process_success":"11", "total":"11"}}
{"logTime": "0629/154457", "correlationVector":"spOx27K6u2RJ7OfcDyHTii.3","action":"ProcessGetUpdates", "result":"Done", "context":{"dataType":"Sessions", "deleted":"231", "process_failed_to_decrypt":"0", "process_pending_decryption":"0", "process_success":"231", "total":"231"}}
{"logTime": "0629/154457", "correlationVector":"spOx27K6u2RJ7OfcDyHTii.4","action":"ProcessGetUpdates", "result":"Done", "context":{"dataType":"History Delete Directives", "deleted":"0", "process_failed_to_decrypt":"0", "process_pending_decryption":"0", "process_success":"8", "total":"8"}}
{"logTime": "0629/154457", "correlationVector":"spOx27K6u2RJ7OfcDyHTii.5","action":"GetUpdates Response", "result":"Success", "context":Received 250 update(s). cV=spOx27K6u2RJ7OfcDyHTii.0;server=akswtt00600000i;cloudType=Consumer;environment=Prod_centralus_prod-s01-068-nam-centralus;migrationStage=NotStarted Some updates remain.}
{"logTime": "0629/154457", "correlationVector":"4K4Rd0+xcD5Ycf+IwIUEyX","action":"Initial GetUpdates", "result":"", "context":Reason: NEWLY_SUPPORTED_DATATYPE. cV=4K4Rd0+xcD5Ycf+IwIUEyX}
{"logTime": "0629/154458", "correlationVector":"4K4Rd0+xcD5Ycf+IwIUEyX.1","action":"SyncServerConnectionManagerRequest", "result":"SYNC_SERVER_OK", "context":{"environment":"Prod_centralus_prod-s01-068-nam-centralus", "migrationStage":"NotStarted", "server":"akswtt00600000j"}}
{"logTime": "0629/154458", "correlationVector":"4K4Rd0+xcD5Ycf+IwIUEyX.2","action":"ProcessGetUpdates", "result":"Done", "context":{"dataType":"Autofill", "deleted":"0", "process_failed_to_decrypt":"0", "process_pending_decryption":"0", "process_success":"18", "total":"18"}}
{"logTime": "0629/154458", "correlationVector":"4K4Rd0+xcD5Ycf+IwIUEyX.3","action":"ProcessGetUpdates", "result":"Done", "context":{"dataType":"Sessions", "deleted":"214", "process_failed_to_decrypt":"0", "process_pending_decryption":"0", "process_success":"214", "total":"214"}}
{"logTime": "0629/154458", "correlationVector":"4K4Rd0+xcD5Ycf+IwIUEyX.4","action":"ProcessGetUpdates", "result":"Done", "context":{"dataType":"History Delete Directives", "deleted":"0", "process_failed_to_decrypt":"0", "process_pending_decryption":"0", "process_success":"11", "total":"11"}}
{"logTime": "0629/154458", "correlationVector":"4K4Rd0+xcD5Ycf+IwIUEyX.5","action":"ProcessGetUpdates", "result":"Done", "context":{"dataType":"Edge Hub App Usage", "deleted":"3", "process_failed_to_decrypt":"0", "process_pending_decryption":"0", "process_success":"7", "total":"7"}}
{"logTime": "0629/154458", "correlationVector":"4K4Rd0+xcD5Ycf+IwIUEyX.6","action":"GetUpdates Response", "result":"Success", "context":Received 250 update(s). cV=4K4Rd0+xcD5Ycf+IwIUEyX.0;server=akswtt00600000j;cloudType=Consumer;environment=Prod_centralus_prod-s01-068-nam-centralus;migrationStage=NotStarted Some updates remain.}
{"logTime": "0629/154458", "correlationVector":"R5HmfbAj3aGyxMiVt5J22/","action":"Initial GetUpdates", "result":"", "context":Reason: NEWLY_SUPPORTED_DATATYPE. cV=R5HmfbAj3aGyxMiVt5J22/}
{"logTime": "0629/154459", "correlationVector":"R5HmfbAj3aGyxMiVt5J22/.1","action":"SyncServerConnectionManagerRequest", "result":"SYNC_SERVER_OK", "context":{"environment":"Prod_centralus_prod-s01-068-nam-centralus", "migrationStage":"NotStarted", "server":"akswtt006000015"}}
{"logTime": "0629/154459", "correlationVector":"R5HmfbAj3aGyxMiVt5J22/.2","action":"ProcessGetUpdates", "result":"Done", "context":{"dataType":"Autofill Profiles", "deleted":"1", "process_failed_to_decrypt":"0", "process_pending_decryption":"0", "process_success":"1", "total":"1"}}
{"logTime": "0629/154459", "correlationVector":"R5HmfbAj3aGyxMiVt5J22/.3","action":"ProcessGetUpdates", "result":"Done", "context":{"dataType":"Autofill", "deleted":"0", "process_failed_to_decrypt":"0", "process_pending_decryption":"0", "process_success":"11", "total":"11"}}
{"logTime": "0629/154459", "correlationVector":"R5HmfbAj3aGyxMiVt5J22/.4","action":"ProcessGetUpdates", "result":"Done", "context":{"dataType":"Sessions", "deleted":"237", "process_failed_to_decrypt":"0", "process_pending_decryption":"0", "process_success":"237", "total":"237"}}
{"logTime": "0629/154459", "correlationVector":"R5HmfbAj3aGyxMiVt5J22/.5","action":"ProcessGetUpdates", "result":"Done", "context":{"dataType":"History Delete Directives", "deleted":"0", "process_failed_to_decrypt":"0", "process_pending_decryption":"0", "process_success":"1", "total":"1"}}
{"logTime": "0629/154459", "correlationVector":"R5HmfbAj3aGyxMiVt5J22/.6","action":"GetUpdates Response", "result":"Success", "context":Received 250 update(s). cV=R5HmfbAj3aGyxMiVt5J22/.0;server=akswtt006000015;cloudType=Consumer;environment=Prod_centralus_prod-s01-068-nam-centralus;migrationStage=NotStarted Some updates remain.}
{"logTime": "0629/154459", "correlationVector":"Lcc38aC40vI55n09gSDOYt","action":"Initial GetUpdates", "result":"", "context":Reason: NEWLY_SUPPORTED_DATATYPE. cV=Lcc38aC40vI55n09gSDOYt}
{"logTime": "0629/154459", "correlationVector":"Lcc38aC40vI55n09gSDOYt.1","action":"SyncServerConnectionManagerRequest", "result":"SYNC_SERVER_OK", "context":{"environment":"Prod_centralus_prod-s01-068-nam-centralus", "migrationStage":"NotStarted", "server":"akswtt00600001o"}}
{"logTime": "0629/154459", "correlationVector":"Lcc38aC40vI55n09gSDOYt.2","action":"ProcessGetUpdates", "result":"Done", "context":{"dataType":"Autofill Profiles", "deleted":"0", "process_failed_to_decrypt":"0", "process_pending_decryption":"0", "process_success":"4", "total":"4"}}
{"logTime": "0629/154459", "correlationVector":"Lcc38aC40vI55n09gSDOYt.3","action":"ProcessGetUpdates", "result":"Done", "context":{"dataType":"Autofill", "deleted":"0", "process_failed_to_decrypt":"0", "process_pending_decryption":"0", "process_success":"49", "total":"49"}}
{"logTime": "0629/154459", "correlationVector":"Lcc38aC40vI55n09gSDOYt.4","action":"ProcessGetUpdates", "result":"Done", "context":{"dataType":"Sessions", "deleted":"196", "process_failed_to_decrypt":"0", "process_pending_decryption":"0", "process_success":"196", "total":"196"}}
{"logTime": "0629/154459", "correlationVector":"Lcc38aC40vI55n09gSDOYt.5","action":"ProcessGetUpdates", "result":"Done", "context":{"dataType":"History Delete Directives", "deleted":"0", "process_failed_to_decrypt":"0", "process_pending_decryption":"0", "process_success":"1", "total":"1"}}
{"logTime": "0629/154459", "correlationVector":"Lcc38aC40vI55n09gSDOYt.6","action":"GetUpdates Response", "result":"Success", "context":Received 250 update(s). cV=Lcc38aC40vI55n09gSDOYt.0;server=akswtt00600001o;cloudType=Consumer;environment=Prod_centralus_prod-s01-068-nam-centralus;migrationStage=NotStarted Some updates remain.}
{"logTime": "0629/154459", "correlationVector":"7crrhX9Nsz4qTpvtm3Gxkd","action":"Initial GetUpdates", "result":"", "context":Reason: NEWLY_SUPPORTED_DATATYPE. cV=7crrhX9Nsz4qTpvtm3Gxkd}
{"logTime": "0629/154459", "correlationVector":"7crrhX9Nsz4qTpvtm3Gxkd.1","action":"SyncServerConnectionManagerRequest", "result":"SYNC_SERVER_OK", "context":{"environment":"Prod_centralus_prod-s01-068-nam-centralus", "migrationStage":"NotStarted", "server":"akswtt00600001k"}}
{"logTime": "0629/154459", "correlationVector":"7crrhX9Nsz4qTpvtm3Gxkd.2","action":"ProcessGetUpdates", "result":"Done", "context":{"dataType":"Autofill", "deleted":"0", "process_failed_to_decrypt":"0", "process_pending_decryption":"0", "process_success":"10", "total":"10"}}
{"logTime": "0629/154459", "correlationVector":"7crrhX9Nsz4qTpvtm3Gxkd.3","action":"ProcessGetUpdates", "result":"Done", "context":{"dataType":"Sessions", "deleted":"26", "process_failed_to_decrypt":"0", "process_pending_decryption":"0", "process_success":"29", "total":"29"}}
{"logTime": "0629/154459", "correlationVector":"7crrhX9Nsz4qTpvtm3Gxkd.4","action":"GetUpdates Response", "result":"Success", "context":Received 39 update(s). cV=7crrhX9Nsz4qTpvtm3Gxkd.0;server=akswtt00600001k;cloudType=Consumer;environment=Prod_centralus_prod-s01-068-nam-centralus;migrationStage=NotStarted}
{"logTime": "0629/154459", "correlationVector":"C9u6QTfewFs+n6x1aPOv3D","action":"Initial GetUpdates", "result":"", "context":Reason: NEWLY_SUPPORTED_DATATYPE. cV=C9u6QTfewFs+n6x1aPOv3D}
{"logTime": "0629/154500", "correlationVector":"C9u6QTfewFs+n6x1aPOv3D.1","action":"SyncServerConnectionManagerRequest", "result":"SYNC_SERVER_OK", "context":{"environment":"Prod_centralus_prod-s01-068-nam-centralus", "migrationStage":"NotStarted", "server":"akswtt00600000p"}}
{"logTime": "0629/154500", "correlationVector":"C9u6QTfewFs+n6x1aPOv3D.2","action":"ProcessGetUpdates", "result":"Done", "context":{"dataType":"History", "deleted":"0", "process_failed_to_decrypt":"0", "process_pending_decryption":"0", "process_success":"250", "total":"250"}}
{"logTime": "0629/154500", "correlationVector":"C9u6QTfewFs+n6x1aPOv3D.3","action":"GetUpdates Response", "result":"Success", "context":Received 250 update(s). cV=C9u6QTfewFs+n6x1aPOv3D.0;server=akswtt00600000p;cloudType=Consumer;environment=Prod_centralus_prod-s01-068-nam-centralus;migrationStage=NotStarted Some updates remain.}
{"logTime": "0629/154500", "correlationVector":"alzsm1fEDLNXiCgNXT72QI","action":"Initial GetUpdates", "result":"", "context":Reason: NEWLY_SUPPORTED_DATATYPE. cV=alzsm1fEDLNXiCgNXT72QI}
{"logTime": "0629/154501", "correlationVector":"alzsm1fEDLNXiCgNXT72QI.1","action":"SyncServerConnectionManagerRequest", "result":"SYNC_SERVER_OK", "context":{"environment":"Prod_centralus_prod-s01-068-nam-centralus", "migrationStage":"NotStarted", "server":"akswtt00600001k"}}
{"logTime": "0629/154501", "correlationVector":"alzsm1fEDLNXiCgNXT72QI.2","action":"ProcessGetUpdates", "result":"Done", "context":{"dataType":"History", "deleted":"0", "process_failed_to_decrypt":"0", "process_pending_decryption":"0", "process_success":"250", "total":"250"}}
{"logTime": "0629/154501", "correlationVector":"alzsm1fEDLNXiCgNXT72QI.3","action":"GetUpdates Response", "result":"Success", "context":Received 250 update(s). cV=alzsm1fEDLNXiCgNXT72QI.0;server=akswtt00600001k;cloudType=Consumer;environment=Prod_centralus_prod-s01-068-nam-centralus;migrationStage=NotStarted Some updates remain.}
{"logTime": "0629/154501", "correlationVector":"vVxIURMwj/QQeJ4FMusya2","action":"Initial GetUpdates", "result":"", "context":Reason: NEWLY_SUPPORTED_DATATYPE. cV=vVxIURMwj/QQeJ4FMusya2}
{"logTime": "0629/154501", "correlationVector":"vVxIURMwj/QQeJ4FMusya2.1","action":"SyncServerConnectionManagerRequest", "result":"SYNC_SERVER_OK", "context":{"environment":"Prod_centralus_prod-s01-068-nam-centralus", "migrationStage":"NotStarted", "server":"akswtt006000019"}}
{"logTime": "0629/154501", "correlationVector":"vVxIURMwj/QQeJ4FMusya2.2","action":"ProcessGetUpdates", "result":"Done", "context":{"dataType":"History", "deleted":"0", "process_failed_to_decrypt":"0", "process_pending_decryption":"0", "process_success":"250", "total":"250"}}
{"logTime": "0629/154501", "correlationVector":"vVxIURMwj/QQeJ4FMusya2.3","action":"GetUpdates Response", "result":"Success", "context":Received 250 update(s). cV=vVxIURMwj/QQeJ4FMusya2.0;server=akswtt006000019;cloudType=Consumer;environment=Prod_centralus_prod-s01-068-nam-centralus;migrationStage=NotStarted Some updates remain.}
{"logTime": "0629/154501", "correlationVector":"AXzRiJkUlgsPGnrLY3QJdB","action":"Initial GetUpdates", "result":"", "context":Reason: NEWLY_SUPPORTED_DATATYPE. cV=AXzRiJkUlgsPGnrLY3QJdB}
{"logTime": "0629/154502", "correlationVector":"AXzRiJkUlgsPGnrLY3QJdB.1","action":"SyncServerConnectionManagerRequest", "result":"SYNC_SERVER_OK", "context":{"environment":"Prod_centralus_prod-s01-068-nam-centralus", "migrationStage":"NotStarted", "server":"akswtt00600000n"}}
{"logTime": "0629/154502", "correlationVector":"AXzRiJkUlgsPGnrLY3QJdB.2","action":"ProcessGetUpdates", "result":"Done", "context":{"dataType":"History", "deleted":"0", "process_failed_to_decrypt":"0", "process_pending_decryption":"0", "process_success":"250", "total":"250"}}
{"logTime": "0629/154502", "correlationVector":"AXzRiJkUlgsPGnrLY3QJdB.3","action":"GetUpdates Response", "result":"Success", "context":Received 250 update(s). cV=AXzRiJkUlgsPGnrLY3QJdB.0;server=akswtt00600000n;cloudType=Consumer;environment=Prod_centralus_prod-s01-068-nam-centralus;migrationStage=NotStarted Some updates remain.}
{"logTime": "0629/154502", "correlationVector":"EWySfihpCaan8HUNuIVLzs","action":"Initial GetUpdates", "result":"", "context":Reason: NEWLY_SUPPORTED_DATATYPE. cV=EWySfihpCaan8HUNuIVLzs}
{"logTime": "0629/154503", "correlationVector":"EWySfihpCaan8HUNuIVLzs.1","action":"SyncServerConnectionManagerRequest", "result":"SYNC_SERVER_OK", "context":{"environment":"Prod_centralus_prod-s01-068-nam-centralus", "migrationStage":"NotStarted", "server":"akswtt00600001v"}}
{"logTime": "0629/154503", "correlationVector":"EWySfihpCaan8HUNuIVLzs.2","action":"ProcessGetUpdates", "result":"Done", "context":{"dataType":"History", "deleted":"0", "process_failed_to_decrypt":"0", "process_pending_decryption":"0", "process_success":"250", "total":"250"}}
{"logTime": "0629/154503", "correlationVector":"EWySfihpCaan8HUNuIVLzs.3","action":"GetUpdates Response", "result":"Success", "context":Received 250 update(s). cV=EWySfihpCaan8HUNuIVLzs.0;server=akswtt00600001v;cloudType=Consumer;environment=Prod_centralus_prod-s01-068-nam-centralus;migrationStage=NotStarted Some updates remain.}
{"logTime": "0629/154503", "correlationVector":"wpBDBOO5Jyx3bwnsPHr9O9","action":"Initial GetUpdates", "result":"", "context":Reason: NEWLY_SUPPORTED_DATATYPE. cV=wpBDBOO5Jyx3bwnsPHr9O9}
{"logTime": "0629/154503", "correlationVector":"wpBDBOO5Jyx3bwnsPHr9O9.1","action":"SyncServerConnectionManagerRequest", "result":"SYNC_SERVER_OK", "context":{"environment":"Prod_centralus_prod-s01-068-nam-centralus", "migrationStage":"NotStarted", "server":"akswtt00600000k"}}
{"logTime": "0629/154503", "correlationVector":"wpBDBOO5Jyx3bwnsPHr9O9.2","action":"ProcessGetUpdates", "result":"Done", "context":{"dataType":"History", "deleted":"0", "process_failed_to_decrypt":"0", "process_pending_decryption":"0", "process_success":"250", "total":"250"}}
{"logTime": "0629/154503", "correlationVector":"wpBDBOO5Jyx3bwnsPHr9O9.3","action":"GetUpdates Response", "result":"Success", "context":Received 250 update(s). cV=wpBDBOO5Jyx3bwnsPHr9O9.0;server=akswtt00600000k;cloudType=Consumer;environment=Prod_centralus_prod-s01-068-nam-centralus;migrationStage=NotStarted Some updates remain.}
{"logTime": "0629/154503", "correlationVector":"s7IRwv8ivl1uGYDWwd6PuP","action":"Initial GetUpdates", "result":"", "context":Reason: NEWLY_SUPPORTED_DATATYPE. cV=s7IRwv8ivl1uGYDWwd6PuP}
{"logTime": "0629/154503", "correlationVector":"s7IRwv8ivl1uGYDWwd6PuP.1","action":"SyncServerConnectionManagerRequest", "result":"SYNC_SERVER_OK", "context":{"environment":"Prod_centralus_prod-s01-068-nam-centralus", "migrationStage":"NotStarted", "server":"akswtt00600001i"}}
{"logTime": "0629/154503", "correlationVector":"s7IRwv8ivl1uGYDWwd6PuP.2","action":"ProcessGetUpdates", "result":"Done", "context":{"dataType":"History", "deleted":"0", "process_failed_to_decrypt":"0", "process_pending_decryption":"0", "process_success":"250", "total":"250"}}
{"logTime": "0629/154503", "correlationVector":"s7IRwv8ivl1uGYDWwd6PuP.3","action":"GetUpdates Response", "result":"Success", "context":Received 250 update(s). cV=s7IRwv8ivl1uGYDWwd6PuP.0;server=akswtt00600001i;cloudType=Consumer;environment=Prod_centralus_prod-s01-068-nam-centralus;migrationStage=NotStarted Some updates remain.}
{"logTime": "0629/154503", "correlationVector":"SH8+I4nr9zIl9vHsTpzFn2","action":"Initial GetUpdates", "result":"", "context":Reason: NEWLY_SUPPORTED_DATATYPE. cV=SH8+I4nr9zIl9vHsTpzFn2}
{"logTime": "0629/154504", "correlationVector":"SH8+I4nr9zIl9vHsTpzFn2.1","action":"SyncServerConnectionManagerRequest", "result":"SYNC_SERVER_OK", "context":{"environment":"Prod_centralus_prod-s01-068-nam-centralus", "migrationStage":"NotStarted", "server":"akswtt006000012"}}
{"logTime": "0629/154504", "correlationVector":"SH8+I4nr9zIl9vHsTpzFn2.2","action":"ProcessGetUpdates", "result":"Done", "context":{"dataType":"History", "deleted":"0", "process_failed_to_decrypt":"0", "process_pending_decryption":"0", "process_success":"250", "total":"250"}}
{"logTime": "0629/154504", "correlationVector":"SH8+I4nr9zIl9vHsTpzFn2.3","action":"GetUpdates Response", "result":"Success", "context":Received 250 update(s). cV=SH8+I4nr9zIl9vHsTpzFn2.0;server=akswtt006000012;cloudType=Consumer;environment=Prod_centralus_prod-s01-068-nam-centralus;migrationStage=NotStarted Some updates remain.}
{"logTime": "0629/154504", "correlationVector":"5fEYzgVl6t1sZj+htMqbGi","action":"Initial GetUpdates", "result":"", "context":Reason: NEWLY_SUPPORTED_DATATYPE. cV=5fEYzgVl6t1sZj+htMqbGi}
{"logTime": "0629/154505", "correlationVector":"5fEYzgVl6t1sZj+htMqbGi.1","action":"SyncServerConnectionManagerRequest", "result":"SYNC_SERVER_OK", "context":{"environment":"Prod_centralus_prod-s01-068-nam-centralus", "migrationStage":"NotStarted", "server":"akswtt006000006"}}
{"logTime": "0629/154505", "correlationVector":"5fEYzgVl6t1sZj+htMqbGi.2","action":"ProcessGetUpdates", "result":"Done", "context":{"dataType":"History", "deleted":"0", "process_failed_to_decrypt":"0", "process_pending_decryption":"0", "process_success":"250", "total":"250"}}
{"logTime": "0629/154505", "correlationVector":"5fEYzgVl6t1sZj+htMqbGi.3","action":"GetUpdates Response", "result":"Success", "context":Received 250 update(s). cV=5fEYzgVl6t1sZj+htMqbGi.0;server=akswtt006000006;cloudType=Consumer;environment=Prod_centralus_prod-s01-068-nam-centralus;migrationStage=NotStarted Some updates remain.}
{"logTime": "0629/154505", "correlationVector":"MudnDl/A+ui54TMYbP5I/Q","action":"Initial GetUpdates", "result":"", "context":Reason: NEWLY_SUPPORTED_DATATYPE. cV=MudnDl/A+ui54TMYbP5I/Q}
{"logTime": "0629/154505", "correlationVector":"MudnDl/A+ui54TMYbP5I/Q.1","action":"SyncServerConnectionManagerRequest", "result":"SYNC_SERVER_OK", "context":{"environment":"Prod_centralus_prod-s01-068-nam-centralus", "migrationStage":"NotStarted", "server":"akswtt006000017"}}
{"logTime": "0629/154505", "correlationVector":"MudnDl/A+ui54TMYbP5I/Q.2","action":"ProcessGetUpdates", "result":"Done", "context":{"dataType":"History", "deleted":"0", "process_failed_to_decrypt":"0", "process_pending_decryption":"0", "process_success":"250", "total":"250"}}
{"logTime": "0629/154505", "correlationVector":"MudnDl/A+ui54TMYbP5I/Q.3","action":"GetUpdates Response", "result":"Success", "context":Received 250 update(s). cV=MudnDl/A+ui54TMYbP5I/Q.0;server=akswtt006000017;cloudType=Consumer;environment=Prod_centralus_prod-s01-068-nam-centralus;migrationStage=NotStarted Some updates remain.}
{"logTime": "0629/154505", "correlationVector":"lI55Ar1TEC7d6Wq3+olkbg","action":"Initial GetUpdates", "result":"", "context":Reason: NEWLY_SUPPORTED_DATATYPE. cV=lI55Ar1TEC7d6Wq3+olkbg}
{"logTime": "0629/154506", "correlationVector":"lI55Ar1TEC7d6Wq3+olkbg","action":"SyncServerConnectionManagerRequest", "result":"CONNECTION_UNAVAILABLE", "context":{"error_type":"net_error_code", "error_value":"-3"}}
