2026-06-29 15:44:22.306: [INFO] VisibilityChanged: 0
2026-06-29 15:44:22.367: [INFO] RecordSyncInitDuration has_sync_been_enabled: 0 state: 0
2026-06-29 15:44:22.371: [INFO] RecordSyncInitDuration has_sync_been_enabled: 0 state: 0
2026-06-29 15:44:22.376: [INFO] RecordSyncInitDuration has_sync_been_enabled: 0 state: 0
2026-06-29 15:44:22.380: [INFO] RecordSyncInitDuration has_sync_been_enabled: 0 state: 0
2026-06-29 15:44:22.383: [INFO] RecordSyncInitDuration has_sync_been_enabled: 0 state: 0
2026-06-29 15:44:22.387: [INFO] RecordSyncInitDuration has_sync_been_enabled: 0 state: 0
2026-06-29 15:44:22.391: [INFO] RecordSyncInitDuration has_sync_been_enabled: 0 state: 0
2026-06-29 15:44:22.396: [INFO] RecordSyncInitDuration has_sync_been_enabled: 0 state: 0
2026-06-29 15:44:22.401: [INFO] RecordSyncInitDuration has_sync_been_enabled: 0 state: 0
2026-06-29 15:44:22.405: [INFO] RecordSyncInitDuration has_sync_been_enabled: 0 state: 0
2026-06-29 15:44:22.411: [INFO] RecordSyncInitDuration has_sync_been_enabled: 0 state: 0
2026-06-29 15:44:22.426: [INFO] BookmarkModelLoaded, ids_reassigned: 0
2026-06-29 15:44:22.426: [INFO] OnDoneLoading sync enabled: 0
2026-06-29 15:44:22.559: [INFO] RecordSyncInitDuration has_sync_been_enabled: 0 state: 0
2026-06-29 15:44:24.446: [INFO] RecordSyncInitDuration has_sync_been_enabled: 0 state: 0
2026-06-29 15:44:24.453: [INFO] RecordSyncInitDuration has_sync_been_enabled: 0 state: 3
2026-06-29 15:44:24.458: [INFO] Primary account changed.
2026-06-29 15:44:24.458: [INFO] OnPrimaryAccountChanged PrimaryAccountChangeEvent::Type::kSet
2026-06-29 15:44:24.467: [INFO] RecordSyncInitDuration has_sync_been_enabled: 0 state: 3
2026-06-29 15:44:30.439: [INFO] BookmarkNodeAdded, ABU: 0
2026-06-29 15:44:30.441: [INFO] BookmarkNodeAdded, ABU: 0
2026-06-29 15:44:30.442: [INFO] BookmarkNodeAdded, ABU: 0
2026-06-29 15:44:30.445: [INFO] BookmarkNodeAdded, ABU: 0
2026-06-29 15:44:30.446: [INFO] BookmarkNodeAdded, ABU: 0
2026-06-29 15:44:30.448: [INFO] BookmarkNodeAdded, ABU: 0
2026-06-29 15:44:30.450: [INFO] BookmarkNodeAdded, ABU: 0
2026-06-29 15:44:30.451: [INFO] BookmarkNodeAdded, ABU: 0
2026-06-29 15:44:30.453: [INFO] BookmarkNodeAdded, ABU: 0
2026-06-29 15:44:30.454: [INFO] BookmarkNodeAdded, ABU: 0
2026-06-29 15:44:30.456: [INFO] BookmarkNodeAdded, ABU: 0
2026-06-29 15:44:30.458: [INFO] BookmarkNodeAdded, ABU: 0
2026-06-29 15:44:30.459: [INFO] BookmarkNodeAdded, ABU: 0
2026-06-29 15:44:30.461: [INFO] BookmarkNodeAdded, ABU: 0
2026-06-29 15:44:30.462: [INFO] BookmarkNodeAdded, ABU: 0
2026-06-29 15:44:30.464: [INFO] BookmarkNodeAdded, ABU: 0
2026-06-29 15:44:30.465: [INFO] BookmarkNodeAdded, ABU: 0
2026-06-29 15:44:30.467: [INFO] BookmarkNodeAdded, ABU: 0
2026-06-29 15:44:30.468: [INFO] BookmarkNodeAdded, ABU: 0
2026-06-29 15:44:30.470: [INFO] BookmarkNodeAdded, ABU: 0
2026-06-29 15:44:30.472: [INFO] BookmarkNodeAdded, ABU: 0
2026-06-29 15:44:30.474: [INFO] BookmarkNodeAdded, ABU: 0
2026-06-29 15:44:30.475: [INFO] BookmarkNodeAdded, ABU: 0
2026-06-29 15:44:30.477: [INFO] BookmarkNodeAdded, ABU: 0
2026-06-29 15:44:30.479: [INFO] BookmarkNodeAdded, ABU: 0
2026-06-29 15:44:30.481: [INFO] BookmarkNodeAdded, ABU: 0
2026-06-29 15:44:30.482: [INFO] BookmarkNodeAdded, ABU: 0
2026-06-29 15:44:30.484: [INFO] BookmarkNodeAdded, ABU: 0
2026-06-29 15:44:30.485: [INFO] BookmarkNodeAdded, ABU: 0
2026-06-29 15:44:30.487: [INFO] BookmarkNodeAdded, ABU: 0
2026-06-29 15:44:30.488: [INFO] BookmarkNodeAdded, ABU: 0
2026-06-29 15:44:30.490: [INFO] BookmarkNodeAdded, ABU: 0
2026-06-29 15:44:30.492: [INFO] BookmarkNodeAdded, ABU: 0
2026-06-29 15:44:30.493: [INFO] BookmarkNodeAdded, ABU: 0
2026-06-29 15:44:30.495: [INFO] BookmarkNodeAdded, ABU: 0
2026-06-29 15:44:30.497: [INFO] BookmarkNodeAdded, ABU: 0
2026-06-29 15:44:30.499: [INFO] BookmarkNodeAdded, ABU: 0
2026-06-29 15:44:30.500: [INFO] BookmarkNodeAdded, ABU: 0
2026-06-29 15:44:30.502: [INFO] BookmarkNodeAdded, ABU: 0
2026-06-29 15:44:30.503: [INFO] BookmarkNodeAdded, ABU: 0
2026-06-29 15:44:30.505: [INFO] BookmarkNodeAdded, ABU: 0
2026-06-29 15:44:30.507: [INFO] BookmarkNodeAdded, ABU: 0
2026-06-29 15:44:30.509: [INFO] BookmarkNodeAdded, ABU: 0
2026-06-29 15:44:30.510: [INFO] BookmarkNodeAdded, ABU: 0
2026-06-29 15:44:30.512: [INFO] BookmarkNodeAdded, ABU: 0
2026-06-29 15:44:30.513: [INFO] BookmarkNodeAdded, ABU: 0
2026-06-29 15:44:30.515: [INFO] BookmarkNodeAdded, ABU: 0
2026-06-29 15:44:30.518: [INFO] BookmarkNodeAdded, ABU: 0
2026-06-29 15:44:30.520: [INFO] BookmarkNodeAdded, ABU: 0
2026-06-29 15:44:30.521: [INFO] BookmarkNodeAdded, ABU: 0
2026-06-29 15:44:30.525: [INFO] BookmarkNodeAdded, ABU: 0
2026-06-29 15:44:30.526: [INFO] BookmarkNodeAdded, ABU: 0
2026-06-29 15:44:30.528: [INFO] BookmarkNodeAdded, ABU: 0
2026-06-29 15:44:30.530: [INFO] BookmarkNodeAdded, ABU: 0
2026-06-29 15:44:30.531: [INFO] BookmarkNodeAdded, ABU: 0
2026-06-29 15:44:30.533: [INFO] BookmarkNodeAdded, ABU: 0
2026-06-29 15:44:30.534: [INFO] BookmarkNodeAdded, ABU: 0
2026-06-29 15:44:30.537: [INFO] BookmarkNodeAdded, ABU: 0
2026-06-29 15:44:30.539: [INFO] BookmarkNodeAdded, ABU: 0
2026-06-29 15:44:30.541: [INFO] BookmarkNodeAdded, ABU: 0
2026-06-29 15:44:30.542: [INFO] BookmarkNodeAdded, ABU: 0
2026-06-29 15:44:30.544: [INFO] BookmarkNodeAdded, ABU: 0
2026-06-29 15:44:30.545: [INFO] BookmarkNodeAdded, ABU: 0
2026-06-29 15:44:30.547: [INFO] BookmarkNodeAdded, ABU: 0
2026-06-29 15:44:30.548: [INFO] BookmarkNodeAdded, ABU: 0
2026-06-29 15:44:30.550: [INFO] BookmarkNodeAdded, ABU: 0
2026-06-29 15:44:30.552: [INFO] BookmarkNodeAdded, ABU: 0
2026-06-29 15:44:30.553: [INFO] BookmarkNodeAdded, ABU: 0
2026-06-29 15:44:30.555: [INFO] BookmarkNodeAdded, ABU: 0
2026-06-29 15:44:30.557: [INFO] BookmarkNodeAdded, ABU: 0
2026-06-29 15:44:59.494: [INFO] Sync initialization duration: 34589ms
